// Jest Snapshot v1, https://goo.gl/fbAQLP

exports[`Test App 1`] = `
<h1>
  Hello Test
</h1>
`;
